CLIENT_HANDSHAKE_TRAFFIC_SECRET 8557b9b3420ee2b4ad12f2752961fe62e9ca06d62840fb5908a3a5a65ee409fd 28bbe12ba41258336dc91090a81402fd31cd56296957770275e420dd564d11f7
SERVER_HANDSHAKE_TRAFFIC_SECRET 8557b9b3420ee2b4ad12f2752961fe62e9ca06d62840fb5908a3a5a65ee409fd 04994cc62fe62c0ccbf174c6ae0c1a8d59cfe08a23fafa9c306f21e3aba5844a
CLIENT_TRAFFIC_SECRET_0 8557b9b3420ee2b4ad12f2752961fe62e9ca06d62840fb5908a3a5a65ee409fd 1424e0a4045d30541cf4628b15fc7f31008f877a8478e56cb988bffc241b12c9
SERVER_TRAFFIC_SECRET_0 8557b9b3420ee2b4ad12f2752961fe62e9ca06d62840fb5908a3a5a65ee409fd 5a540952542c3600b331f0785edd6a50e25717135b3285f440522c4651558e3a
EXPORTER_SECRET 8557b9b3420ee2b4ad12f2752961fe62e9ca06d62840fb5908a3a5a65ee409fd d3ddaf7b95d5a5c8a0336c7e1db69ec2f46faa40e3e005532ebb97ed17dc4d8b
CLIENT_HANDSHAKE_TRAFFIC_SECRET 88f63f7bf8cc992d43fcb7f2c81842d99142825a1059b65675396df216cfff46 d2414485084004beb02128841e3f669f567c082b6d7301b4fa9a4e4a77145ebd
SERVER_HANDSHAKE_TRAFFIC_SECRET 88f63f7bf8cc992d43fcb7f2c81842d99142825a1059b65675396df216cfff46 a2c8ac11b6ee9e13b7fc081e8dafaf43c9925f0317f7c370e026b05feba50ef9
CLIENT_TRAFFIC_SECRET_0 88f63f7bf8cc992d43fcb7f2c81842d99142825a1059b65675396df216cfff46 29bca05b5f92a821c8d40e1480079920fd6e4db82fa32e121848f842058e3207
SERVER_TRAFFIC_SECRET_0 88f63f7bf8cc992d43fcb7f2c81842d99142825a1059b65675396df216cfff46 6988346d88b6f1de59d98ccf2488e1691ecf6111a06bb3eb60c18723665899b6
EXPORTER_SECRET 88f63f7bf8cc992d43fcb7f2c81842d99142825a1059b65675396df216cfff46 163d7c06cd90349bbf554bb2d4f6aae022608cc8bc11af9aee510bda93be276c
CLIENT_HANDSHAKE_TRAFFIC_SECRET fa3793855d689f85aff83075e04032aab0be3ae42984484b077c77a7b3836df8 ad9e112137e646ffdf947276a6eb49830206283aabb6238e6a42ed7d0f5edbae
SERVER_HANDSHAKE_TRAFFIC_SECRET fa3793855d689f85aff83075e04032aab0be3ae42984484b077c77a7b3836df8 3b2279d74f885dda1cef482c6916ef0914ac1ced4c1d9a43bbabe40b66a55c13
CLIENT_TRAFFIC_SECRET_0 fa3793855d689f85aff83075e04032aab0be3ae42984484b077c77a7b3836df8 250c45f9285bf69bff2df8e4c49ad737595e672e390ba63e2ba8c6c3617af3c9
SERVER_TRAFFIC_SECRET_0 fa3793855d689f85aff83075e04032aab0be3ae42984484b077c77a7b3836df8 99144018b48b24e5c6435193e9ab925914048435d5b403c4be1e5bd1c905b48a
EXPORTER_SECRET fa3793855d689f85aff83075e04032aab0be3ae42984484b077c77a7b3836df8 d3d806284cea348a99561e9fbe605d7ed25ead8879a47db7f18b4a878937b4aa
CLIENT_HANDSHAKE_TRAFFIC_SECRET 531a0c39945c6c06b40e44563d3524674a4286b8ff84c206bed0316e2605daf7 9ac29217519f54cb5d90cf7f80380222be8fa3a3254b6464ac54dabd7bb4838c
SERVER_HANDSHAKE_TRAFFIC_SECRET 531a0c39945c6c06b40e44563d3524674a4286b8ff84c206bed0316e2605daf7 f9352810b39825710b00ff5a803dd1156918dba2b8c3b6a1670549259e75fd1a
CLIENT_TRAFFIC_SECRET_0 531a0c39945c6c06b40e44563d3524674a4286b8ff84c206bed0316e2605daf7 23b3afe9c924d7b319816b4afd5961fdfdb6da178bce44271770d05cf23b628f
SERVER_TRAFFIC_SECRET_0 531a0c39945c6c06b40e44563d3524674a4286b8ff84c206bed0316e2605daf7 284d1b73e513ddc9c274636e9ca2167311de25b907b3125bc69a24ea4e65bc4d
EXPORTER_SECRET 531a0c39945c6c06b40e44563d3524674a4286b8ff84c206bed0316e2605daf7 60e06cc03f743db113290bc0d334ac501970674b00d1cb4dde1012c357b74226
CLIENT_HANDSHAKE_TRAFFIC_SECRET 4bce2fe58e29803c949a99f23849343e86084d9f9473fa674dbf582f94232c7b 3ad396e59c80f33f706b45fd205689b599b5af36a13453d2f366065adf4879d6
SERVER_HANDSHAKE_TRAFFIC_SECRET 4bce2fe58e29803c949a99f23849343e86084d9f9473fa674dbf582f94232c7b be8d122393bbdf3ce2fb17014e0d98fafd519ac116cb0fba7a9992be0d28672f
CLIENT_TRAFFIC_SECRET_0 4bce2fe58e29803c949a99f23849343e86084d9f9473fa674dbf582f94232c7b a538924fb02d7a4ec615e3f4b4c80d548a0fb3a06809e98cc42e0240bd3e8dcd
SERVER_TRAFFIC_SECRET_0 4bce2fe58e29803c949a99f23849343e86084d9f9473fa674dbf582f94232c7b 208547cd960fece19650fca1b4d19771fcabd62027571e918e538aa4b5ba287e
EXPORTER_SECRET 4bce2fe58e29803c949a99f23849343e86084d9f9473fa674dbf582f94232c7b c7a462c643c784f4657c27c62140f501e849ce79313e14a7d2ba571327ace117
CLIENT_HANDSHAKE_TRAFFIC_SECRET f3df1d46f21d12ae3bb474df0f5a8789447b8292ebcd7d7ade00287f689834b4 6d21f85ff6dfbd684e0964e0f6803c01bcbff93d178d392a2ca7b81b67ac4c95
SERVER_HANDSHAKE_TRAFFIC_SECRET f3df1d46f21d12ae3bb474df0f5a8789447b8292ebcd7d7ade00287f689834b4 48a9ad7f3fbf1f36027f571f53166b0a2b0d6002e4bdb60492186a70f2d2c8d1
CLIENT_TRAFFIC_SECRET_0 f3df1d46f21d12ae3bb474df0f5a8789447b8292ebcd7d7ade00287f689834b4 06ec84afe8c1afdb44d48d799a75d4a00b5b893f71fd472b0f8df5a523c7e93e
SERVER_TRAFFIC_SECRET_0 f3df1d46f21d12ae3bb474df0f5a8789447b8292ebcd7d7ade00287f689834b4 b61a1430a75e30b2d0f435bedc32a91febf2378332047943d3ed5e2f5f0d4819
EXPORTER_SECRET f3df1d46f21d12ae3bb474df0f5a8789447b8292ebcd7d7ade00287f689834b4 d50483c7fd6f52f834e2299b38e08d1afe492a7270e43e6a3bef14ff946a806f
CLIENT_HANDSHAKE_TRAFFIC_SECRET 46e81403a7d594062656b547f0397c0bbe0699477f9a8ced5b98eed2572db09f d50c841fd46bbf187ac63a3a0b2842e6717a8c3613d519817cc978858c1201e1
SERVER_HANDSHAKE_TRAFFIC_SECRET 46e81403a7d594062656b547f0397c0bbe0699477f9a8ced5b98eed2572db09f 111104ce441b5381e27937e7dc9ddfa73581d8c18b256612e30504f0f3d5ddd6
CLIENT_TRAFFIC_SECRET_0 46e81403a7d594062656b547f0397c0bbe0699477f9a8ced5b98eed2572db09f 6c4aa7bf2d9f6e4e22e0362238e055e71315eff2b6bdbd64767bd14573625b97
SERVER_TRAFFIC_SECRET_0 46e81403a7d594062656b547f0397c0bbe0699477f9a8ced5b98eed2572db09f 44fc75ba7970e661a201dc6c5ee86a0d5015723e1aea4ed13c0fbd6cd1dfb3e3
EXPORTER_SECRET 46e81403a7d594062656b547f0397c0bbe0699477f9a8ced5b98eed2572db09f 0bb45d025eddd9761df2b27f416648499cbff050ef7215c3ac2beea2cb66a442
CLIENT_HANDSHAKE_TRAFFIC_SECRET b90fb349fe2aa919442ff4e6ca760168fc0f46782997d97d78e483e0b0fb06a4 d9d7d6d2c090f5a4642eb27eecae64ad3e3b24a43a20349416a1f5d2b4efa449
SERVER_HANDSHAKE_TRAFFIC_SECRET b90fb349fe2aa919442ff4e6ca760168fc0f46782997d97d78e483e0b0fb06a4 63fc77e3956662a443a9eb6fc543e9bd762d630d6957066390ad86b5548d46c4
CLIENT_TRAFFIC_SECRET_0 b90fb349fe2aa919442ff4e6ca760168fc0f46782997d97d78e483e0b0fb06a4 06b72d9586081c5d3b7f6dd529a7924a30e29ac20c7502e4c2d5b1fd3e8328e9
SERVER_TRAFFIC_SECRET_0 b90fb349fe2aa919442ff4e6ca760168fc0f46782997d97d78e483e0b0fb06a4 d9f1edea0d42c9ad7fd73f41332a113c66877194c75af2021926c15b79dbfa6c
EXPORTER_SECRET b90fb349fe2aa919442ff4e6ca760168fc0f46782997d97d78e483e0b0fb06a4 c1bad1132a34ff158a873b2654c93d928cdfe81978e2fc695f8a7f068240e0b4
CLIENT_HANDSHAKE_TRAFFIC_SECRET 02e8df7d7b82375a6b97970068537208cdbec14834b4cff45b844c90d3b9dbc7 4188e77bb14dd706eebc3e6ef4af10421f713563e78c4871192b9fc04b9a8fca
SERVER_HANDSHAKE_TRAFFIC_SECRET 02e8df7d7b82375a6b97970068537208cdbec14834b4cff45b844c90d3b9dbc7 c280e298cbbab264b79db024aeab5689dd3dfa7aa1d5ec65c8b1422327915aa5
CLIENT_TRAFFIC_SECRET_0 02e8df7d7b82375a6b97970068537208cdbec14834b4cff45b844c90d3b9dbc7 c90e2231c843dc165949b82466128a1aa0c93a32af15651219aad6b2ef71b179
SERVER_TRAFFIC_SECRET_0 02e8df7d7b82375a6b97970068537208cdbec14834b4cff45b844c90d3b9dbc7 8af3eede689bc5ce71c8dd5b508dc50f38b6477239c9379d792ff01085444f2d
EXPORTER_SECRET 02e8df7d7b82375a6b97970068537208cdbec14834b4cff45b844c90d3b9dbc7 461f7a56845ba2cdfe1a7cbaf434b92a81ee79de408cac13f0c3218d8782b14c
CLIENT_HANDSHAKE_TRAFFIC_SECRET 377c949fa41ef0d4288503e6490654931a08c8a116a53d75b1959833775c0f46 1e3a2752ffb1d898f9157afcb5c9355790dc5533ecc76c3121978ae8c2743af5
SERVER_HANDSHAKE_TRAFFIC_SECRET 377c949fa41ef0d4288503e6490654931a08c8a116a53d75b1959833775c0f46 786b19c2506c4199be681a90c73ab7c86819b55a44eb2ec292b9f1162664d9d2
CLIENT_TRAFFIC_SECRET_0 377c949fa41ef0d4288503e6490654931a08c8a116a53d75b1959833775c0f46 4164096ad763dea6fe587772329af56d088d88425d41048eda3567e7ff6d22f4
SERVER_TRAFFIC_SECRET_0 377c949fa41ef0d4288503e6490654931a08c8a116a53d75b1959833775c0f46 49a00952f9a32935bfb9d8dd69344f033b8af371d42d4b5171a069ec709ed6d7
EXPORTER_SECRET 377c949fa41ef0d4288503e6490654931a08c8a116a53d75b1959833775c0f46 2830e015e8e74f36200466bcff75bdfef35767daa6b8558c63abf560f6ee2f5b
CLIENT_HANDSHAKE_TRAFFIC_SECRET d9e2034a018558aeb5833f041a67622be22267c41028237181ec6865bca70989 6dd32947fbcfb901aa6c88961415774c029f954bb9ea9c7256601a367efd98b1
SERVER_HANDSHAKE_TRAFFIC_SECRET d9e2034a018558aeb5833f041a67622be22267c41028237181ec6865bca70989 5f91abb0d6696a855e550c0bfc7d991780f3212366242f1e14165365c6691cce
CLIENT_TRAFFIC_SECRET_0 d9e2034a018558aeb5833f041a67622be22267c41028237181ec6865bca70989 2d6a22bb392b7d25d233b8bec81e95ec36cf10b59b4153684754943fa866864f
SERVER_TRAFFIC_SECRET_0 d9e2034a018558aeb5833f041a67622be22267c41028237181ec6865bca70989 fe894b4fb0e9ec620e4bec646c8024a6c138f3202190a72a107eed6328c64d73
EXPORTER_SECRET d9e2034a018558aeb5833f041a67622be22267c41028237181ec6865bca70989 c438a3a488aacb172800390fbceaa081c61234747abd14f4fd84a28686efcb45
CLIENT_HANDSHAKE_TRAFFIC_SECRET 0e936362c031c35694f997c632c1783bfe3474953b89ea0cce4ab202a671c39d 3a11c8f70a1dfac7819a6da6b7568387489db7b734e58d601d035d04f11aceb7
SERVER_HANDSHAKE_TRAFFIC_SECRET 0e936362c031c35694f997c632c1783bfe3474953b89ea0cce4ab202a671c39d b5cd07e2f61fe01421629afba4fa2b5d702917a45b2f9a6ad0cea9738a074a7e
CLIENT_TRAFFIC_SECRET_0 0e936362c031c35694f997c632c1783bfe3474953b89ea0cce4ab202a671c39d 02623efbe8d38906cfeaaeeabed766ba367981fc7483b9c87c7dae3f6a9355cf
SERVER_TRAFFIC_SECRET_0 0e936362c031c35694f997c632c1783bfe3474953b89ea0cce4ab202a671c39d eca1fa0e2fa7b4b7decdddd7781fd557a5239945b9cf605bfd906fce37ffc1e5
EXPORTER_SECRET 0e936362c031c35694f997c632c1783bfe3474953b89ea0cce4ab202a671c39d ea57fc844a7134577b6de05498d8061a99a992e14682b895e9ebf3426fe5eea7
CLIENT_HANDSHAKE_TRAFFIC_SECRET d5a5e6099cccc99f804901f6d633d194a7d8870a9b8757dafe039a3c283ee5b5 589930d16c6b2f730f247ed90354a490a3c38c607a7f57156fca70653981c839
SERVER_HANDSHAKE_TRAFFIC_SECRET d5a5e6099cccc99f804901f6d633d194a7d8870a9b8757dafe039a3c283ee5b5 a96c94d3cebb6bc93b536341923a2d32eab21f49af18a1cfd858f8ac3d58d60e
CLIENT_TRAFFIC_SECRET_0 d5a5e6099cccc99f804901f6d633d194a7d8870a9b8757dafe039a3c283ee5b5 0d7e01ee35b22d43707641aee40063a5b1af033b63cfdd95c7af3f5335a00da8
SERVER_TRAFFIC_SECRET_0 d5a5e6099cccc99f804901f6d633d194a7d8870a9b8757dafe039a3c283ee5b5 437f53b140fce908089c99c3b2fb41539625e35c97fe6148f930235a18bb5088
EXPORTER_SECRET d5a5e6099cccc99f804901f6d633d194a7d8870a9b8757dafe039a3c283ee5b5 1fdcb643d7c504acb4a570f158fb4f22318123934f0fa3fe7e29af39508d512e
CLIENT_HANDSHAKE_TRAFFIC_SECRET b0fd376f04c2f63559cf2e050a4ccbce1da7b2079933faf2c8d46437de044156 bcfd5e167bc22dd3d3af9aa41774bd3e9682cb07a2bd85ebee785426c0c76b74
SERVER_HANDSHAKE_TRAFFIC_SECRET b0fd376f04c2f63559cf2e050a4ccbce1da7b2079933faf2c8d46437de044156 77ab34a6156be188fb96a2f6dfa1ee1823d329af89f553f3606834234dabe88c
CLIENT_TRAFFIC_SECRET_0 b0fd376f04c2f63559cf2e050a4ccbce1da7b2079933faf2c8d46437de044156 48a3c0f9d53ebeb6b89da85f70b32e213fba7899784746054e7724be3cf28941
SERVER_TRAFFIC_SECRET_0 b0fd376f04c2f63559cf2e050a4ccbce1da7b2079933faf2c8d46437de044156 6b0fa2afddcbaa79907e58cf5c56b01e88040431e64a460ebd6735d938f26a3a
EXPORTER_SECRET b0fd376f04c2f63559cf2e050a4ccbce1da7b2079933faf2c8d46437de044156 327be0ec046682d488fb347b1f57f1176c771bb258144283c8ef571cfa5957fa
CLIENT_HANDSHAKE_TRAFFIC_SECRET 1ef5cf5867f858f6d4a789d04695268d74e6a29c6b7cba5c82ea7944fcc9a64f 6400bc6ebf51696dcb60b34ec3db9792d239d7d758ddbd3c3e7f1e6c7dd19364
SERVER_HANDSHAKE_TRAFFIC_SECRET 1ef5cf5867f858f6d4a789d04695268d74e6a29c6b7cba5c82ea7944fcc9a64f 8fe4ac568ccbeb16e54c4575d669085a13200b11cac65efd1f2c9f6c2c290045
CLIENT_TRAFFIC_SECRET_0 1ef5cf5867f858f6d4a789d04695268d74e6a29c6b7cba5c82ea7944fcc9a64f 281f0c600d9882ece47deeb2b662d12ea33975f1f66280ed86911a7dcfdc5873
SERVER_TRAFFIC_SECRET_0 1ef5cf5867f858f6d4a789d04695268d74e6a29c6b7cba5c82ea7944fcc9a64f c9398ee80ea29a10d369136bea9b69c38e6333ab2fd6b49696dd8f31e9cb0253
EXPORTER_SECRET 1ef5cf5867f858f6d4a789d04695268d74e6a29c6b7cba5c82ea7944fcc9a64f 889a05aee3eb7b284ce43ca350244c771ef032db5e917f574c27607a76dd9bce
CLIENT_HANDSHAKE_TRAFFIC_SECRET 9733a13aa6760564bcc250fcaf76e09d19233158c9385668327570138e6df09e 4fbf7bd137ac4429accf7da307f59c142750f9d89ff0c176c0b9fb1d6fe16e17
SERVER_HANDSHAKE_TRAFFIC_SECRET 9733a13aa6760564bcc250fcaf76e09d19233158c9385668327570138e6df09e b6fba8b0f4b903fe830c8fa21e33d2fe7c0a0044cebec20cbfca733097d53566
CLIENT_TRAFFIC_SECRET_0 9733a13aa6760564bcc250fcaf76e09d19233158c9385668327570138e6df09e 24a14fa5900581ee95ff5efbe76d69182fe5305b639a8a1d050ae18186610d41
SERVER_TRAFFIC_SECRET_0 9733a13aa6760564bcc250fcaf76e09d19233158c9385668327570138e6df09e 2d8ddef7806965e1d2e35e182e3439209fc5071172f20ba391100d51c3da62d3
EXPORTER_SECRET 9733a13aa6760564bcc250fcaf76e09d19233158c9385668327570138e6df09e 15c8a52cb124d135acb078de151dee5c3d7994525d85554b369a3c6191f0601e
CLIENT_HANDSHAKE_TRAFFIC_SECRET db157f0f873340587d1e4dd9b44c924ba2e5e676a7189c3e8b2db57dd26deb51 d070fd905727d9769234eefd83cda67a00d8624d729633882acfc1508bf64cbb
SERVER_HANDSHAKE_TRAFFIC_SECRET db157f0f873340587d1e4dd9b44c924ba2e5e676a7189c3e8b2db57dd26deb51 c9b595060b456323324cdaa7546153aaf3836b239ad4406c0c8153cb6a76e2b7
CLIENT_TRAFFIC_SECRET_0 db157f0f873340587d1e4dd9b44c924ba2e5e676a7189c3e8b2db57dd26deb51 ee5d363ccd52dcee313cc4067791b7c2ba09478864db804dfa8d2caa7f823070
SERVER_TRAFFIC_SECRET_0 db157f0f873340587d1e4dd9b44c924ba2e5e676a7189c3e8b2db57dd26deb51 b888a38e39e4ca39de6677441641d77c0f9ab17578352af9c0ca8e6bfd340832
EXPORTER_SECRET db157f0f873340587d1e4dd9b44c924ba2e5e676a7189c3e8b2db57dd26deb51 e2a5dc86fdad3bfa3799ce60ad9629f602fc74a9265a7cc1595d2f8a59d5593e
CLIENT_HANDSHAKE_TRAFFIC_SECRET f99471c4521d1ff6c9eee3376d0cd983949889234f8558ceba0a2952ac0c9fc7 9a35e525619f923aa5f03bf44c40dc7e9f389320e61094490e498134d5e8e606
SERVER_HANDSHAKE_TRAFFIC_SECRET f99471c4521d1ff6c9eee3376d0cd983949889234f8558ceba0a2952ac0c9fc7 ad44aaddad2a72f2f9350b1df5ca9de26bddb8fc9b58c09c32032882b0fc32d4
CLIENT_TRAFFIC_SECRET_0 f99471c4521d1ff6c9eee3376d0cd983949889234f8558ceba0a2952ac0c9fc7 068f9f34b6b99c171a7126d98c5abf206ede12eb5ece427690ea1ffffb0b56f7
SERVER_TRAFFIC_SECRET_0 f99471c4521d1ff6c9eee3376d0cd983949889234f8558ceba0a2952ac0c9fc7 1e6cf9b4f5fe32ef1f95f66311f1f930a17460791f3a66c20d8b41d7e0c5548b
EXPORTER_SECRET f99471c4521d1ff6c9eee3376d0cd983949889234f8558ceba0a2952ac0c9fc7 86f5dbabd7200360597e9349781d2037cf8fb653680fcb3ecafd797e32658ba5
CLIENT_HANDSHAKE_TRAFFIC_SECRET 457445de75bbea1e2edf1dc4900ff5995dd902977b3b7886f03221767c12fca7 cceb8e49407842ea5bfee39eb37dd6531782226da06301270a8d87c8a5f19e00
SERVER_HANDSHAKE_TRAFFIC_SECRET 457445de75bbea1e2edf1dc4900ff5995dd902977b3b7886f03221767c12fca7 f8e725d5c1a697b9fd8a02d49bda743b57a8f1998e10794b15bbcff1a7632af4
CLIENT_TRAFFIC_SECRET_0 457445de75bbea1e2edf1dc4900ff5995dd902977b3b7886f03221767c12fca7 99a4debf67e2f49ca71bc97f2de06fe6badef8b40838f4c0678f6f31bb07effb
SERVER_TRAFFIC_SECRET_0 457445de75bbea1e2edf1dc4900ff5995dd902977b3b7886f03221767c12fca7 c8b5de8a3e07396f13f99e4f66b8708663e827addce9f9e3cfbb00b1f4b52026
EXPORTER_SECRET 457445de75bbea1e2edf1dc4900ff5995dd902977b3b7886f03221767c12fca7 22397818341726c37a3a3c3f339c4f42d375ccddeaae32b77dcdeb183272db2c
CLIENT_HANDSHAKE_TRAFFIC_SECRET 50479fea18c24bcdbefca7bb562a1ac5f30dbff62ff2cf33679a65af3b562d33 b331205ce2361347c12f22d03b71fac5e4c19652844c448036309ec1deb6a9c9
SERVER_HANDSHAKE_TRAFFIC_SECRET 50479fea18c24bcdbefca7bb562a1ac5f30dbff62ff2cf33679a65af3b562d33 e20349549218584f2bafe2bfc05f915becef57aeb4ec9274e37274f30a351b18
CLIENT_TRAFFIC_SECRET_0 50479fea18c24bcdbefca7bb562a1ac5f30dbff62ff2cf33679a65af3b562d33 c6f44fc2aa2fd922cbb648a65ed08c05e2905b1d2c700c45e8c45997d69dc610
SERVER_TRAFFIC_SECRET_0 50479fea18c24bcdbefca7bb562a1ac5f30dbff62ff2cf33679a65af3b562d33 3156cdae318bd09a69d89e1512ef5e648c619726a443f670e95929d0b7ead3a2
EXPORTER_SECRET 50479fea18c24bcdbefca7bb562a1ac5f30dbff62ff2cf33679a65af3b562d33 5e0c22a2d5093a23dd4ab8c9296ebf934aafb13177da5465aa79da838523687f
CLIENT_HANDSHAKE_TRAFFIC_SECRET 680eb6568d1fc5d0e89461db0b45921cbe6a6ace17ab5bf712db39d69afa125b c58fe00220d0d0c1090d75b4f93038314b8d3372431a762c4be5d375e3b2b8c0
SERVER_HANDSHAKE_TRAFFIC_SECRET 680eb6568d1fc5d0e89461db0b45921cbe6a6ace17ab5bf712db39d69afa125b 34fd069a3b25c98e8cafaf23ed8c3d9c43193d323b697b933a670746f36d9600
CLIENT_TRAFFIC_SECRET_0 680eb6568d1fc5d0e89461db0b45921cbe6a6ace17ab5bf712db39d69afa125b aeeee7e5695fc43d18dcbc26306dcefe1646eeec8665513f54f8d83d0a773453
SERVER_TRAFFIC_SECRET_0 680eb6568d1fc5d0e89461db0b45921cbe6a6ace17ab5bf712db39d69afa125b abb2a4b6d65a8bb50cc987e089937fc9439390472da95c6e2a0a3bff4c19ee33
EXPORTER_SECRET 680eb6568d1fc5d0e89461db0b45921cbe6a6ace17ab5bf712db39d69afa125b de5e0bb1985bff307c1e950406ebe4b0231f92496c852eec933e2c3c21d6d403
CLIENT_HANDSHAKE_TRAFFIC_SECRET 3b75f69a30da8a0096e1e5cd39faaf6eab30ed81666a64943316d78a2c858584 c6256c9a145e10381fb39bb4919ed09064432b2b77be1ae984476fb1f347d4b7
SERVER_HANDSHAKE_TRAFFIC_SECRET 3b75f69a30da8a0096e1e5cd39faaf6eab30ed81666a64943316d78a2c858584 ba0e5b021adbaaa146b2756a3be0fff8e55fb4be5e434091fcc15cbb4d31c0a0
CLIENT_TRAFFIC_SECRET_0 3b75f69a30da8a0096e1e5cd39faaf6eab30ed81666a64943316d78a2c858584 c19fc0a7e7585b1fabcc79be2a2dbe63d43ed13419b5409f1df1f1146c313f33
SERVER_TRAFFIC_SECRET_0 3b75f69a30da8a0096e1e5cd39faaf6eab30ed81666a64943316d78a2c858584 2b25716d9b799d2fafdb3ad790fe3e716b7125f99ce3e50db21e3e766baccfc5
EXPORTER_SECRET 3b75f69a30da8a0096e1e5cd39faaf6eab30ed81666a64943316d78a2c858584 e3777258ba54b173fe05492a186c3be9f7ed7a1d983e005485bd60b9d84bb7b0
CLIENT_HANDSHAKE_TRAFFIC_SECRET e6da1de93ef7ce9fa5101a4efa7b17eda872fcd774380d2c1c1055a459bb61b7 36540462fd2bfe30b6fc86a770b33e21343793149ada4927c83d61049cafe6a6
SERVER_HANDSHAKE_TRAFFIC_SECRET e6da1de93ef7ce9fa5101a4efa7b17eda872fcd774380d2c1c1055a459bb61b7 d896aef8655dfeb4ee910ba43676ade151cda60861e9edb342e15886e9490294
CLIENT_TRAFFIC_SECRET_0 e6da1de93ef7ce9fa5101a4efa7b17eda872fcd774380d2c1c1055a459bb61b7 3385674129ad93faa49c1b4835ddc354235cfacdc9c3f7a13d78cd4050aa940b
SERVER_TRAFFIC_SECRET_0 e6da1de93ef7ce9fa5101a4efa7b17eda872fcd774380d2c1c1055a459bb61b7 7e8bc047d8b90f54041a896cfa3209b522add969c3c448f4bcb2b797e0e93cfe
EXPORTER_SECRET e6da1de93ef7ce9fa5101a4efa7b17eda872fcd774380d2c1c1055a459bb61b7 869ecbf87d343a7330f1ea46963ff82ff5f74ca7390d9fd9ba588148412a8ca4
CLIENT_HANDSHAKE_TRAFFIC_SECRET 8406d40dcf95bd23048fb78497c9d186fdca66ed7d6450cce9cc6ff7094b3f70 771d2a97cd1d7777c416e68ad6f88c880c5b9967f03aa5380874aee2e6709b2e
SERVER_HANDSHAKE_TRAFFIC_SECRET 8406d40dcf95bd23048fb78497c9d186fdca66ed7d6450cce9cc6ff7094b3f70 408ced79b1b2d22989769cd0507019e6c3c0b3a7d1a1f4d5e3c0fc909045191e
CLIENT_TRAFFIC_SECRET_0 8406d40dcf95bd23048fb78497c9d186fdca66ed7d6450cce9cc6ff7094b3f70 801aaefc1973ef6ed0545e365a401e4491e3f41cda5cf551059e139069716d04
SERVER_TRAFFIC_SECRET_0 8406d40dcf95bd23048fb78497c9d186fdca66ed7d6450cce9cc6ff7094b3f70 f2deef0a50f712e28110cfdd191cf0fdb904428800e7bc9801cd8e17ea2bb5e6
EXPORTER_SECRET 8406d40dcf95bd23048fb78497c9d186fdca66ed7d6450cce9cc6ff7094b3f70 c6c58ea94ef5d44e96dd639043abdae2fa14376c3a7440fbb5add4272dfa35bd
CLIENT_HANDSHAKE_TRAFFIC_SECRET 8d23161aa199f09ff793708cbf8da72d011a5c75ab323f98943016e0f7e87488 c169d547e9c5289f8eb1535cba6d40cb54bce9cec5819bd20b4014c7e965ee97
SERVER_HANDSHAKE_TRAFFIC_SECRET 8d23161aa199f09ff793708cbf8da72d011a5c75ab323f98943016e0f7e87488 8bc6b71d14b67f7f106003a39fb7ef55b96e66e59b062d1e285ec5e3acc3f62d
CLIENT_TRAFFIC_SECRET_0 8d23161aa199f09ff793708cbf8da72d011a5c75ab323f98943016e0f7e87488 3a0eb42885b7554214da90c92ae2d55d6a6a5a14e4a8718136a48f4c2306cda6
SERVER_TRAFFIC_SECRET_0 8d23161aa199f09ff793708cbf8da72d011a5c75ab323f98943016e0f7e87488 14ab442f479c8271d6be01cf390c513d17949a5b0108143f0583f7543efcfbe4
EXPORTER_SECRET 8d23161aa199f09ff793708cbf8da72d011a5c75ab323f98943016e0f7e87488 a048bed722a2dc44f3b93088d678c8e2f26dc11b1a07161a435e835697f2581a
CLIENT_HANDSHAKE_TRAFFIC_SECRET 4d8c4ac45c19970f1e249f62bb944b56547eaed508b3008ff2d685421332cee2 eb8f01dc40c2a2d155ff4e6929f8e16104ace2997b2a0d0d7f4c657a60cac7c2
SERVER_HANDSHAKE_TRAFFIC_SECRET 4d8c4ac45c19970f1e249f62bb944b56547eaed508b3008ff2d685421332cee2 ddf745b39b84fa00e5081e040a4e939a25e3224bc49403f6a08f9aae49278d30
CLIENT_TRAFFIC_SECRET_0 4d8c4ac45c19970f1e249f62bb944b56547eaed508b3008ff2d685421332cee2 4583153931b26d3ae2da28dcaf14bbdd4f055cb426cd23c6067d3acc75117312
SERVER_TRAFFIC_SECRET_0 4d8c4ac45c19970f1e249f62bb944b56547eaed508b3008ff2d685421332cee2 813dd7a3a066a8c2f340b352b04e72940fbeab303101a4944ad8e945a7b3a83c
EXPORTER_SECRET 4d8c4ac45c19970f1e249f62bb944b56547eaed508b3008ff2d685421332cee2 cff7ca14f5ba826ad106bbdbe9fbd1fe822c6e641ad1d35016e3715e2a588f6f
CLIENT_HANDSHAKE_TRAFFIC_SECRET 6934e62d8e10ddb4e20d78708c5b81a66fa58a6fa2183a1b275e08df6565809e 73e3977c8c2d2cb9f7a63a6d4addcb4c4c4b10ab662675c00565a22c9cac41b4
SERVER_HANDSHAKE_TRAFFIC_SECRET 6934e62d8e10ddb4e20d78708c5b81a66fa58a6fa2183a1b275e08df6565809e ef905a8beb470511d06595a294bf0a6d51e0b68123e72233629b8057acb496f1
CLIENT_TRAFFIC_SECRET_0 6934e62d8e10ddb4e20d78708c5b81a66fa58a6fa2183a1b275e08df6565809e af47d46fb036b52464691745095b768051deefc2a4a073eff1c123e1ef905526
SERVER_TRAFFIC_SECRET_0 6934e62d8e10ddb4e20d78708c5b81a66fa58a6fa2183a1b275e08df6565809e 9e63c6a7788372f0eebc4f26cafa2b4be100d437b09a1c090c017b1f63404648
EXPORTER_SECRET 6934e62d8e10ddb4e20d78708c5b81a66fa58a6fa2183a1b275e08df6565809e 9f2608f734762a5f8a448a9b34316001857c72e318f7c82a5cf342e5c67f3333
CLIENT_HANDSHAKE_TRAFFIC_SECRET 81bec8a8d7eaa136ea0001007440f95c18bea18fd6471f0663dd3389cf55e328 b6632798b3bb82e0eb71d3cee015bd5199f1986adb4cab8a11bd141cfdae9dab
SERVER_HANDSHAKE_TRAFFIC_SECRET 81bec8a8d7eaa136ea0001007440f95c18bea18fd6471f0663dd3389cf55e328 f66f3f7c6c4463460ee420414291cd1885870ff7c8e34e8bf889ab754f717b09
CLIENT_TRAFFIC_SECRET_0 81bec8a8d7eaa136ea0001007440f95c18bea18fd6471f0663dd3389cf55e328 358851fe29fddadf8555d6517fa33a563df43d5571cd6f8601251b789ebd4292
SERVER_TRAFFIC_SECRET_0 81bec8a8d7eaa136ea0001007440f95c18bea18fd6471f0663dd3389cf55e328 68445835d7baf2c6e0af2688f4f8725b6efc39c8f70672ff49ca6849448ac2a4
EXPORTER_SECRET 81bec8a8d7eaa136ea0001007440f95c18bea18fd6471f0663dd3389cf55e328 e8ac59e7549e4adb7d0767239d9ccc329d56ab9ac4dc41d5acac24bce61fd293
CLIENT_HANDSHAKE_TRAFFIC_SECRET 19d6fc37ae732f8bd085b7840db516d5796ebc6de4e5efae613b2d81cbff958e 43d267e166c31ad4f5ce41574701d7db9e78acc96987f43ac58718adab308ac7
SERVER_HANDSHAKE_TRAFFIC_SECRET 19d6fc37ae732f8bd085b7840db516d5796ebc6de4e5efae613b2d81cbff958e 7f9a87ea431c99990226a4977a7563d41eacd7278061faa5c9d1f64a15b8c7bd
CLIENT_TRAFFIC_SECRET_0 19d6fc37ae732f8bd085b7840db516d5796ebc6de4e5efae613b2d81cbff958e 57fa72666ededeeb09e3f35f15cc0a2ce9751088742603ef515aaecb094a3299
SERVER_TRAFFIC_SECRET_0 19d6fc37ae732f8bd085b7840db516d5796ebc6de4e5efae613b2d81cbff958e 1e63dd9453003faf702ff317f7687feba31146c54a95781e7d57ee426410778e
EXPORTER_SECRET 19d6fc37ae732f8bd085b7840db516d5796ebc6de4e5efae613b2d81cbff958e df4ca0eee1b406ef806f10c9fc5c6176664c4228f1655583110534ac973f7167
CLIENT_HANDSHAKE_TRAFFIC_SECRET 8504e915d6122e3253e56499928cfeebcd07305d1347adcc00d35569c48c2bf2 a04c420178abe2099fede9f69a57a9a6e938591292b024a86101c442b6dfbbcd
SERVER_HANDSHAKE_TRAFFIC_SECRET 8504e915d6122e3253e56499928cfeebcd07305d1347adcc00d35569c48c2bf2 558da263f1d4948a9fc760069a80d1f90d550b12eee9f7ed453cd5aa6fad7b26
CLIENT_TRAFFIC_SECRET_0 8504e915d6122e3253e56499928cfeebcd07305d1347adcc00d35569c48c2bf2 3b0c5c33fbadf029cc337248954561ca80589fde2e85449163ad437dc9378c9e
SERVER_TRAFFIC_SECRET_0 8504e915d6122e3253e56499928cfeebcd07305d1347adcc00d35569c48c2bf2 b5857345260ce4d5dafbd3e4dd389f615db82ba5ea7e8b4f7fbeb5efffe3c628
EXPORTER_SECRET 8504e915d6122e3253e56499928cfeebcd07305d1347adcc00d35569c48c2bf2 d3ce0043de2f2ca72ca619dde463b1fa10c83d63837a4c978429fbbaa79e5361
CLIENT_HANDSHAKE_TRAFFIC_SECRET cbe93e3e7a19e9f49dd94e1ad31338ff91edb0c8807f187382fb208ae7a5ab0a 84be5ba048dffcd8685812e620ebfc41f4c28cafc4fb2001991b876cf8bfb927
SERVER_HANDSHAKE_TRAFFIC_SECRET cbe93e3e7a19e9f49dd94e1ad31338ff91edb0c8807f187382fb208ae7a5ab0a c1054c73a39d04a56bb615e2316638acb0fb7e92f8a0b27bc4747fc0d86001c3
CLIENT_TRAFFIC_SECRET_0 cbe93e3e7a19e9f49dd94e1ad31338ff91edb0c8807f187382fb208ae7a5ab0a 00eab8b265d643ee987e9156e22f9b58fb82bf49665eaa884c86f450756f1e15
SERVER_TRAFFIC_SECRET_0 cbe93e3e7a19e9f49dd94e1ad31338ff91edb0c8807f187382fb208ae7a5ab0a 948e1e21d4ed1750779242476185fb84fd59cc200ed0fbefc910303f5aedfcd5
EXPORTER_SECRET cbe93e3e7a19e9f49dd94e1ad31338ff91edb0c8807f187382fb208ae7a5ab0a 5543167b1b4a0cdd7b7b35702da485c2441d62777daeabcaeda40396d05cae37
CLIENT_HANDSHAKE_TRAFFIC_SECRET 7b852b78ce132ae4de337a58a0fa0c87ab11b4920e7e699f5171b419aa3fff9a fa32d46318ab2bc51899375fa1b3a02d90702e478c50c51881b72c9e7af2e79d
SERVER_HANDSHAKE_TRAFFIC_SECRET 7b852b78ce132ae4de337a58a0fa0c87ab11b4920e7e699f5171b419aa3fff9a d751e30cab98101ff0f4fca9124f6dc9789bd0e60c7708e582c14bf70249603a
CLIENT_TRAFFIC_SECRET_0 7b852b78ce132ae4de337a58a0fa0c87ab11b4920e7e699f5171b419aa3fff9a 94f8876749bd68f4ce0397d3033ffe3da68d1cf81ea9edb8707b0d096059dd8c
SERVER_TRAFFIC_SECRET_0 7b852b78ce132ae4de337a58a0fa0c87ab11b4920e7e699f5171b419aa3fff9a db7913d865a2be3cfdcb891f4ef1f23713d6216e0d6f3d3877f066bb9e182f43
EXPORTER_SECRET 7b852b78ce132ae4de337a58a0fa0c87ab11b4920e7e699f5171b419aa3fff9a 8443d67c65322aec55bdd38fb1e7f57c1c39f6b637b4bab81a2fc8e6534bf687
CLIENT_HANDSHAKE_TRAFFIC_SECRET 1e6260a75a0f1c941fd6d0cef9ce1d35b67c73718b2d4257072f101fd2715e1f fe66de95eb383166b1faaaf506b2f3c82edf476aa6236a2532484cbf87e77929
SERVER_HANDSHAKE_TRAFFIC_SECRET 1e6260a75a0f1c941fd6d0cef9ce1d35b67c73718b2d4257072f101fd2715e1f 9766db6c7962239ab80b9cc5ea525a4407c7a1c4d60c5979384eced438f414a9
CLIENT_TRAFFIC_SECRET_0 1e6260a75a0f1c941fd6d0cef9ce1d35b67c73718b2d4257072f101fd2715e1f e78a667d1319232287b42cd7de5db3531edf7a49b1068b47143ad60b134d1f82
SERVER_TRAFFIC_SECRET_0 1e6260a75a0f1c941fd6d0cef9ce1d35b67c73718b2d4257072f101fd2715e1f 468a7246d622e6db0f94340800e042c3463a3f729954a13afa2ec706794ba93c
EXPORTER_SECRET 1e6260a75a0f1c941fd6d0cef9ce1d35b67c73718b2d4257072f101fd2715e1f 3e78f44743673a44f691e962c47c9d369707ab259506101c2a4e37974f84acc2
CLIENT_HANDSHAKE_TRAFFIC_SECRET 466fca3d40dbcc5ad88df89a2aae9f879de9a815d7b7911d466801e5792d0de8 8139d34facb53124f0196a731733a91906954885a3902a6650156447e81ad553
SERVER_HANDSHAKE_TRAFFIC_SECRET 466fca3d40dbcc5ad88df89a2aae9f879de9a815d7b7911d466801e5792d0de8 d21df47627538e7ccbbc8ffbce51a97b2b64ba1e7d7e0f12253feb7e200b7e78
CLIENT_TRAFFIC_SECRET_0 466fca3d40dbcc5ad88df89a2aae9f879de9a815d7b7911d466801e5792d0de8 42a9483c72d303dc985405ad238c17d2904f69520912f89f2a6ed8ae53e567a1
SERVER_TRAFFIC_SECRET_0 466fca3d40dbcc5ad88df89a2aae9f879de9a815d7b7911d466801e5792d0de8 7815dcc3f1dcb92ee77ef8d758ac2ca0d79bd931a20599dc26eafd1c61974edb
EXPORTER_SECRET 466fca3d40dbcc5ad88df89a2aae9f879de9a815d7b7911d466801e5792d0de8 fefb468402f7727f0fb093751a9f3a5787d51a8b91ae1b2f3a55e55ed61fab5d
CLIENT_HANDSHAKE_TRAFFIC_SECRET 53ec0fc418a549a8720d4304a9c5f5dd5aac5b94837f300bb334703d524343e2 8b5932085c0151710187bce30edb3f0c3b967f529ccf89297785ee56c3a95f22
SERVER_HANDSHAKE_TRAFFIC_SECRET 53ec0fc418a549a8720d4304a9c5f5dd5aac5b94837f300bb334703d524343e2 e6349393a9f3c5b4c9bac57bade59fb574513419f8bb18272a30a524d4c0b521
CLIENT_TRAFFIC_SECRET_0 53ec0fc418a549a8720d4304a9c5f5dd5aac5b94837f300bb334703d524343e2 2e98585407f42aa7a709ee83e80fde4195b4fd79f40a34c159cbf13ce9000d53
SERVER_TRAFFIC_SECRET_0 53ec0fc418a549a8720d4304a9c5f5dd5aac5b94837f300bb334703d524343e2 cace94635d3e9f639e876e01a2c8c6029b523c2cbbecb4a5652fb0b76f1deee8
EXPORTER_SECRET 53ec0fc418a549a8720d4304a9c5f5dd5aac5b94837f300bb334703d524343e2 542ffff6e8cbfd309bbdd15b1b83e6b75454ca36ec031eb03ab1d2b3cc73b4c4
CLIENT_HANDSHAKE_TRAFFIC_SECRET 2df27016b65343a3122cf95ecdb3149f5cff3861ea6c9a4ef3be9857df411de7 720129a038af85e14f783123d2674df34d21734024b6a0e318e7706de0a4ca21
SERVER_HANDSHAKE_TRAFFIC_SECRET 2df27016b65343a3122cf95ecdb3149f5cff3861ea6c9a4ef3be9857df411de7 b8ea1f3f00f13e05128746fe70b35e3de053372d443d19e62c2c9d9e560bdc45
CLIENT_TRAFFIC_SECRET_0 2df27016b65343a3122cf95ecdb3149f5cff3861ea6c9a4ef3be9857df411de7 26bf6b16b5878f95d8021535184189bcaf35bfbefd9347aab11dc9ebc4c69819
SERVER_TRAFFIC_SECRET_0 2df27016b65343a3122cf95ecdb3149f5cff3861ea6c9a4ef3be9857df411de7 d51512025e95e6d7a0b0d430afe710686c2c6c445f307b1445aa287ddfe860bb
EXPORTER_SECRET 2df27016b65343a3122cf95ecdb3149f5cff3861ea6c9a4ef3be9857df411de7 71748cc1e5034f14c8cb0e41cb55f5e0c080892d78eebf403baa78b01d3f8def
CLIENT_HANDSHAKE_TRAFFIC_SECRET 0e9c1080e8c1f1cea641ecc5897210b58878131b1925010ca0e95f9c2904a125 ac9263972723eff0f5302bdd113dd6f8e068d6866bf68446d2dda66d1a2d9305
SERVER_HANDSHAKE_TRAFFIC_SECRET 0e9c1080e8c1f1cea641ecc5897210b58878131b1925010ca0e95f9c2904a125 dfa93757f2dff4a64be1f1a92810a1168086dacb9f44ebd106d465f879fb3f8f
CLIENT_TRAFFIC_SECRET_0 0e9c1080e8c1f1cea641ecc5897210b58878131b1925010ca0e95f9c2904a125 40311b92e9a76c64c1f2df3bcbb939c2d94105d26814e4e5dcd7439187adebdf
SERVER_TRAFFIC_SECRET_0 0e9c1080e8c1f1cea641ecc5897210b58878131b1925010ca0e95f9c2904a125 cd2fbfb55ac123892685446172c9ef5dfe67f74acb8be10839f3d4313ce15e5a
EXPORTER_SECRET 0e9c1080e8c1f1cea641ecc5897210b58878131b1925010ca0e95f9c2904a125 6c86b5fb13883b9c85478b2cf8772d03184f3b9477480574f0c3bd6408f73688
CLIENT_HANDSHAKE_TRAFFIC_SECRET 41300763e47d33f1ab5a43dca9fdcfffc9803169b0a16c52f66b584f1f63bf00 8e9eaf2b797dfc79c4ffb86b109d999adb116a7a1f814c4e2173dda729d6224b
SERVER_HANDSHAKE_TRAFFIC_SECRET 41300763e47d33f1ab5a43dca9fdcfffc9803169b0a16c52f66b584f1f63bf00 58181151711662862f995d1515c19df24b4c98abdc15833d9c4c2f2937c49af3
CLIENT_TRAFFIC_SECRET_0 41300763e47d33f1ab5a43dca9fdcfffc9803169b0a16c52f66b584f1f63bf00 65dd7cffdfbc4c4f880f9adb9d75ffe997d1c8b53ae8f9a7bac75edbcf510ba1
SERVER_TRAFFIC_SECRET_0 41300763e47d33f1ab5a43dca9fdcfffc9803169b0a16c52f66b584f1f63bf00 badc53d78d9ac61627123b79e9c442e593111a76078a3f5760facc4b093e4ae7
EXPORTER_SECRET 41300763e47d33f1ab5a43dca9fdcfffc9803169b0a16c52f66b584f1f63bf00 95f03d674ae2d0cb6e332b9dc938b8c815ace4192119713aafe4139100c9d578
CLIENT_HANDSHAKE_TRAFFIC_SECRET 43740ee4bcc744ca8d96663703226a95b3f705d610c9055cb5581863f50a77a1 0c4da491e04082084110e87fec1db172b2be7f320dfff4e2f8d5a5382059c594
SERVER_HANDSHAKE_TRAFFIC_SECRET 43740ee4bcc744ca8d96663703226a95b3f705d610c9055cb5581863f50a77a1 509777f97fc4dd35f2d233c1f4724284d04e63a9e0841a9046910049d6a76495
CLIENT_TRAFFIC_SECRET_0 43740ee4bcc744ca8d96663703226a95b3f705d610c9055cb5581863f50a77a1 3062fc9b4265a90157c1d26e4d98dac7e773db0b6eabbd79e24b9397c0c0e604
SERVER_TRAFFIC_SECRET_0 43740ee4bcc744ca8d96663703226a95b3f705d610c9055cb5581863f50a77a1 ac5d9d5673b7148ab710698d16557af01e5f63b47222d92dc0f0f7113807f9d9
EXPORTER_SECRET 43740ee4bcc744ca8d96663703226a95b3f705d610c9055cb5581863f50a77a1 d3fd9ea2ce3308c06df3fb411c34be22c6c558dd57517052761e77ab0d268d61
CLIENT_HANDSHAKE_TRAFFIC_SECRET f373def0b57db10cd7cf57009604ac2ef37d6578b60a8916b21268c578071757 0849fe36383cc1ad0a30c070824499645c9452e099a59407dd7c58d09bbdfc27
SERVER_HANDSHAKE_TRAFFIC_SECRET f373def0b57db10cd7cf57009604ac2ef37d6578b60a8916b21268c578071757 a76dbdaddb628dc0730e1ecd3fe0b1c081f3a284ab0e5eeb0e8e8ff06cba843c
CLIENT_TRAFFIC_SECRET_0 f373def0b57db10cd7cf57009604ac2ef37d6578b60a8916b21268c578071757 8f5c3c6f5f350b0ad20a7fdb4fc0712adff632a242b6c66aede6e89922e3e7a7
SERVER_TRAFFIC_SECRET_0 f373def0b57db10cd7cf57009604ac2ef37d6578b60a8916b21268c578071757 c8523d6e7db1f5b5b702b74caba13d070bb3efbf4caf443242e3454504e6ac4d
EXPORTER_SECRET f373def0b57db10cd7cf57009604ac2ef37d6578b60a8916b21268c578071757 8003b0f55dadf3e04a687628ae2bfe9561dcebcc970f89b01041dc0383da1d3b
CLIENT_HANDSHAKE_TRAFFIC_SECRET 418191d681c696a83a3d912aeafb779a7253c7d49186034ddadbba69660f13a5 f65e9e4993a5f319c9aa971824a6a5e3ec4ed9872760998f164e668d87749224
SERVER_HANDSHAKE_TRAFFIC_SECRET 418191d681c696a83a3d912aeafb779a7253c7d49186034ddadbba69660f13a5 cf3839b723467f1083b77231bda911e76fbc41aadd013a74672cee4632d6a10b
CLIENT_TRAFFIC_SECRET_0 418191d681c696a83a3d912aeafb779a7253c7d49186034ddadbba69660f13a5 d628c3e4cf2a8aadb2ae5706c766bfa66cf68117ec1bcc6cfdd17c33186a825c
SERVER_TRAFFIC_SECRET_0 418191d681c696a83a3d912aeafb779a7253c7d49186034ddadbba69660f13a5 e975d7ba463bf1ecc1b78928cfa9259e455e1e0b4693f399107c03e9677cba23
EXPORTER_SECRET 418191d681c696a83a3d912aeafb779a7253c7d49186034ddadbba69660f13a5 376a0af100a0a268f662d79166ba251d2355e6373bd8c7da5113c1e1519468e1
CLIENT_HANDSHAKE_TRAFFIC_SECRET 8c55a0bc0e4ad2a3979f3bfbe64332b668f0df700632addf2525c0100c3ee98b ccc8d787ecd403f9cc8b6403770a6635722892f043a98edaf07f8d9d29463c7c
SERVER_HANDSHAKE_TRAFFIC_SECRET 8c55a0bc0e4ad2a3979f3bfbe64332b668f0df700632addf2525c0100c3ee98b b2611aa30774d7325d07e6d2a2c055681a9b53adc2ed02c9d9ec3a76d9d89393
CLIENT_TRAFFIC_SECRET_0 8c55a0bc0e4ad2a3979f3bfbe64332b668f0df700632addf2525c0100c3ee98b 7b67888660de35cceab798c615dd126c82265d8f8fe864deb20af22501f059db
SERVER_TRAFFIC_SECRET_0 8c55a0bc0e4ad2a3979f3bfbe64332b668f0df700632addf2525c0100c3ee98b 06b1c494c3fcb20edda7ff7dd892a53f5c025f83ee43c54ab04ca699b665bd59
EXPORTER_SECRET 8c55a0bc0e4ad2a3979f3bfbe64332b668f0df700632addf2525c0100c3ee98b 5ea1abb100e28c1efd715aa318e7ebcad810ca388a11d083c05748d350b69a91
CLIENT_HANDSHAKE_TRAFFIC_SECRET 7a7b9afb0b85082716e26c54640ce025d5a7c8762a4462c5020f34214489b2a0 3c480375df2994a43f97ef65fd1eaa3aa182adec3cf4a6b4f7d52cd3c672251f
SERVER_HANDSHAKE_TRAFFIC_SECRET 7a7b9afb0b85082716e26c54640ce025d5a7c8762a4462c5020f34214489b2a0 c5e4d42ba4f99ba5d4a78da7c347d5fa91b22e6abe4d460047684e9f5ed28df2
CLIENT_TRAFFIC_SECRET_0 7a7b9afb0b85082716e26c54640ce025d5a7c8762a4462c5020f34214489b2a0 e1256d6e8455388776f1df32c55a760da2a43a00c11f8cdd820471454bd89bf3
SERVER_TRAFFIC_SECRET_0 7a7b9afb0b85082716e26c54640ce025d5a7c8762a4462c5020f34214489b2a0 fcb81b9f5814451d709a3881fc7f94417843a2b00582d12c9b1d77dd4522119b
EXPORTER_SECRET 7a7b9afb0b85082716e26c54640ce025d5a7c8762a4462c5020f34214489b2a0 e6dc72c73cc56305fe0257fcc9211edbe34c37c6e2582b7ead513a83685cc4b6
CLIENT_HANDSHAKE_TRAFFIC_SECRET 3c5511a15cc074d42a7fd7350260e2ed58b36c9b2015cf85a891d727f676dcca b70535c312f06242b05d916d7b6d84ea3dd7b1f13506c9ff29c9dde371553e22
SERVER_HANDSHAKE_TRAFFIC_SECRET 3c5511a15cc074d42a7fd7350260e2ed58b36c9b2015cf85a891d727f676dcca 4adb25c45b73497e52baa2cc71ea0fac119dea25d662e60c39c5357ab09b4b0e
CLIENT_TRAFFIC_SECRET_0 3c5511a15cc074d42a7fd7350260e2ed58b36c9b2015cf85a891d727f676dcca 31de7afc1daf579c61dddd30a6a62ecdfea1146134dee25c664d459b1d34e186
SERVER_TRAFFIC_SECRET_0 3c5511a15cc074d42a7fd7350260e2ed58b36c9b2015cf85a891d727f676dcca 88bf5cd5fdcb9e530510a4a80cce62323f2142267dadc7045b9a03227709e8dc
EXPORTER_SECRET 3c5511a15cc074d42a7fd7350260e2ed58b36c9b2015cf85a891d727f676dcca d6a82442272b8f15f6d7c82507591ed9f4ac9bf18970197a56eb5354846aa194
CLIENT_HANDSHAKE_TRAFFIC_SECRET 0cf0684c4bed4b254e72f80eefcb14bfe10393f0bd3d144ef81a0de2311b93fb ebc7fc2da0ef7d7b8edce9a4b502e5d59ae512ca425c2746856cd0d9fe8981d6
SERVER_HANDSHAKE_TRAFFIC_SECRET 0cf0684c4bed4b254e72f80eefcb14bfe10393f0bd3d144ef81a0de2311b93fb 3b2eaa21399de93dc3c1b5bc78227b91d7aaded7a801533d28fa9cbb5e1b6ed1
CLIENT_TRAFFIC_SECRET_0 0cf0684c4bed4b254e72f80eefcb14bfe10393f0bd3d144ef81a0de2311b93fb e6e4cd965074b23d6395b557707687135b069cc88df05990c8b799d4e9a138b3
SERVER_TRAFFIC_SECRET_0 0cf0684c4bed4b254e72f80eefcb14bfe10393f0bd3d144ef81a0de2311b93fb b717bf7640be97dbe989a06062321f70bbe975b368c4e14d0690d812e703d734
EXPORTER_SECRET 0cf0684c4bed4b254e72f80eefcb14bfe10393f0bd3d144ef81a0de2311b93fb 755ed0c70e6906b59e936b677d50bd3a7adb80359987ed21f020f5f936ed0b51
CLIENT_HANDSHAKE_TRAFFIC_SECRET 7dd5181b72bb30a04157a7a138c6f498a58387eaf35246b4b71302827c0a9acd e5ea2a50e25ae240dfb24825282247f092efe050799dc7b71c06e8924c98f576
SERVER_HANDSHAKE_TRAFFIC_SECRET 7dd5181b72bb30a04157a7a138c6f498a58387eaf35246b4b71302827c0a9acd b107884701bb82622d48b4f86ed79d0b820da40022abb64860ac4392a75d4050
CLIENT_TRAFFIC_SECRET_0 7dd5181b72bb30a04157a7a138c6f498a58387eaf35246b4b71302827c0a9acd fc1b3ba23de65bb5def8272f8c82f1e26784a93b83055078d4329f4b99695f0e
SERVER_TRAFFIC_SECRET_0 7dd5181b72bb30a04157a7a138c6f498a58387eaf35246b4b71302827c0a9acd f903bea20bb3f277c825c7abb6de2de438d121892762de794ba8d0c8ea70f587
EXPORTER_SECRET 7dd5181b72bb30a04157a7a138c6f498a58387eaf35246b4b71302827c0a9acd e4bdb2cec694a6c52d22f0b264bb30248dedbc6b13db113c14de27ce55b83222
CLIENT_HANDSHAKE_TRAFFIC_SECRET a7b8a8ef5efc0815b1c029db87c03dc0f12025a43de54a07ce87d7182ec4e884 c58c4fc1280565f5766129799de278a54b448e4dff9a2cf5830b2f42380e4618
SERVER_HANDSHAKE_TRAFFIC_SECRET a7b8a8ef5efc0815b1c029db87c03dc0f12025a43de54a07ce87d7182ec4e884 c9d0ec8b508a5993a05f2720bf1b11b9264b0ced2a54acff8b417cccbba7eee5
CLIENT_TRAFFIC_SECRET_0 a7b8a8ef5efc0815b1c029db87c03dc0f12025a43de54a07ce87d7182ec4e884 1c019f56dc0d6d6cf9bac5e699532ae8c0ee49d6a2a0b4561d9d400f502a3369
SERVER_TRAFFIC_SECRET_0 a7b8a8ef5efc0815b1c029db87c03dc0f12025a43de54a07ce87d7182ec4e884 80569ada0d1bfaf376bb0911a0b9d8d226ba62f13a8772d2b7f4cc0d2b940652
EXPORTER_SECRET a7b8a8ef5efc0815b1c029db87c03dc0f12025a43de54a07ce87d7182ec4e884 61d1bc857661f325a611610868713077f6fc1f4a6a5de1b2d9cf0ea10dbd4e79
CLIENT_HANDSHAKE_TRAFFIC_SECRET 9f031732526aadccc65a403f9a9ed694bb4e4f7c6be6d7470e183d382c23d5b6 22d776120fc0ed4189ead84d7b6a7f1d178f35ae898faf09b37615fc62702933
SERVER_HANDSHAKE_TRAFFIC_SECRET 9f031732526aadccc65a403f9a9ed694bb4e4f7c6be6d7470e183d382c23d5b6 911579d4216e13a048eb4e8f984ca0f662f83e476e65f38633406cdfd9bfceb6
CLIENT_TRAFFIC_SECRET_0 9f031732526aadccc65a403f9a9ed694bb4e4f7c6be6d7470e183d382c23d5b6 91d56e734884606b3e20e6748735ec3f2607378224feee954f8bdafb7f17b5ed
SERVER_TRAFFIC_SECRET_0 9f031732526aadccc65a403f9a9ed694bb4e4f7c6be6d7470e183d382c23d5b6 c5b5157ffbe8871ea1ec2a64b2e0823667e83113d6311aa51465c780ca52a7ab
EXPORTER_SECRET 9f031732526aadccc65a403f9a9ed694bb4e4f7c6be6d7470e183d382c23d5b6 c3a90ac1e07c152dda218fff1a67dbf23df1be79035096771c3aec3c362373f2
CLIENT_HANDSHAKE_TRAFFIC_SECRET 875315e283cce7c2997db8f6a93cc6724ae80fcb2e378eb62c271e64b7de985b ddf0a9bb4c67351145a00c4a6ea1b0663b4f1b6125d748441fa0595dc9a42b6f
SERVER_HANDSHAKE_TRAFFIC_SECRET 875315e283cce7c2997db8f6a93cc6724ae80fcb2e378eb62c271e64b7de985b ad99501cbaf37e65e97de2ff32e9714a47c1500903c05b98358233bdd6bfbdef
CLIENT_TRAFFIC_SECRET_0 875315e283cce7c2997db8f6a93cc6724ae80fcb2e378eb62c271e64b7de985b e8fc0b763e2300911c1b1d370b653aeb5d759c75df3784c79da113e4203579bb
SERVER_TRAFFIC_SECRET_0 875315e283cce7c2997db8f6a93cc6724ae80fcb2e378eb62c271e64b7de985b 35339e818222311737f62173082b4caf750bdd94bf577b135d82dc243655726e
EXPORTER_SECRET 875315e283cce7c2997db8f6a93cc6724ae80fcb2e378eb62c271e64b7de985b 3e5814dde312c801a7d57e540760af6498585bc92bdf1cc2d3c4faaebfe13496
CLIENT_HANDSHAKE_TRAFFIC_SECRET 94ac1205a80ee1478ab8c2f49beedeec735ac8c017ba09d501afed06aa7d75bf b890a6e2bbbba107f2081cdc51c3795c6ccfa937534b9721591e768dc96b077b
SERVER_HANDSHAKE_TRAFFIC_SECRET 94ac1205a80ee1478ab8c2f49beedeec735ac8c017ba09d501afed06aa7d75bf 7e581df7a295bda0992174fb2030848e2ecc63169e844a90cddecc133a374204
CLIENT_TRAFFIC_SECRET_0 94ac1205a80ee1478ab8c2f49beedeec735ac8c017ba09d501afed06aa7d75bf a5e2831faa2ee7dcef69bad1cea2ccad29c0f046d28880d176ea8bcbdd52f375
SERVER_TRAFFIC_SECRET_0 94ac1205a80ee1478ab8c2f49beedeec735ac8c017ba09d501afed06aa7d75bf 954a397c7d285a5dad197ce90e61bd0d27d3e85e4f46e3f29ac5b9c3f5291392
EXPORTER_SECRET 94ac1205a80ee1478ab8c2f49beedeec735ac8c017ba09d501afed06aa7d75bf ad57b5942327f62d98ae55f9485cea150a60225be0c2e8a7bd6ac8e53c035039
CLIENT_HANDSHAKE_TRAFFIC_SECRET 4bba8eacff62e675056dfcfdee1578a7ada294269da0a0a8baf3929529812d96 3f19a691529c9fdf91c275b056387ef0349cebd3767d37a4f6d88a453c96cca6
SERVER_HANDSHAKE_TRAFFIC_SECRET 4bba8eacff62e675056dfcfdee1578a7ada294269da0a0a8baf3929529812d96 1ff5330bcf3c35cacf2c8bf9c62e0c29325007644d60f7e878f7784d2179d8ba
CLIENT_TRAFFIC_SECRET_0 4bba8eacff62e675056dfcfdee1578a7ada294269da0a0a8baf3929529812d96 2d00fbe7df3ae60a0c8863fc42da7540f59d67c7f410583bf4bf1b71c26869d6
SERVER_TRAFFIC_SECRET_0 4bba8eacff62e675056dfcfdee1578a7ada294269da0a0a8baf3929529812d96 72a32bc09677eaca23e671dfeb4f82f23bb041b951cbdafe2caa0ca9968f8ba0
EXPORTER_SECRET 4bba8eacff62e675056dfcfdee1578a7ada294269da0a0a8baf3929529812d96 afd09e3c4456dd93fc362ea9984cf102c9abfa33a43cdbcb72d8adebf6380348
